mapname:crystal_superstore
maxx:400
maxy:400
maxz:400
tile:0:400:0:400:0:0:concrete2


zone:0:400:0:400:0:500:the superstore is crowded. people come here to buy groseries and other necessary stuff. the prices are cheep and the items are of high quality.
cmusic:0:400:0:400:20:400:anime5.ogg:-10:100
zone:100:100:50:50:0:6:snack store@trackme@
zone:100:100:100:100:0:6:drinks store@trackme@
zone:200:200:200:200:0:7:fruits store@trackme@
zone:0:0:0:0:0:0:go back@trackme@
travelpoint:0:0:0:0:0:0:crystal_city:1400:1400:0:welcome back!
noitems:0:3000:0:3000:0:5555:health_dart:sound_grenade:fire_starter:stone:elecboat:bazooka:guided_missile:suicide_bomb:nuclear_bomb:motion_bomb:timebomb:ultrabomb:stp429:pipe_bomb:mlk_203_combat_pistol:aircraft:tank:police_car:police_car_super:Truck:armored_tank:wood:mine:rocketlauncher:helicopter:cannon:stun_dart:stun_grenade:concussive_grenade:remotegun:remote_gun:remote_gun_controller:mass_bomb:ultimate_griffin:hand_cannon:ultimate_bomb:grenade:hand_grenade:sound_grenade:stun_grenade:spaceship:sorento:ford:dogan_slx:fight_inviter:mine:sat_bomb:explosion:censor_bomb
noitems:0:3000:0:3000:0:15000:ultimate_bomb:poison_dart:mine:cosmic_bomb
fightingstate:0