mapname:the_fiery_path
maxx:170
maxy:160
maxz:200
zone:0:200:0:200:0:500:a fiery path burning with raging flames. from this close the heat is almost unbearable. you feel yourself getting week. as you look around, you realise that the only way to cross this nightmarish area is to make your away across by jumping to different platforms which have been left safe from the fire
tile:0:0:0:0:0:0:carpet2
tile:0:0:0:10:0:0:concrete1
tile:0:170:11:200:0:0:fi
tile:5:5:10:10:0:0:dirt7
tile:1:200:0:200:0:0:fi
tile:5:5:10:10:0:0:bridge
tile:5:5:15:15:0:0:bridge2
tile:9:9:19:19:0:0:dirt6
tile:11:11:21:21:0:10:concrete2
tile:11:11:26:26:10:10:concrete3
tile:15:15:26:26:10:10:cave
src:0:150:0:150:10:220:fire3.ogg:0:1100
tile:21:21:26:26:10:10:pavement
tile:26:26:26:26:10:20:dirt5
tile:26:26:27:33:20:20:suicide
tile:26:26:34:34:20:20:generic
tile:34:34:34:34:20:20:concrete14
tile:34:34:44:44:20:20:pipe2
tile:38:38:48:48:20:20:dirt2
tile:45:45:48:48:20:20:carpet
tile:50:50:48:48:20:30:concrete
tile:50:50:55:55:30:30:concrete6
tile:55:55:55:55:30:30:concrete4
travelpoint:55:55:55:55:30:30:the_fiery_path:100:100:100:whel done, you have almost complete it 
tile:100:100:100:100:100:100:snow_wet
tile:104:104:104:104:100:100:cave
tile:104:104:110:110:100:100:gravel2
tile:110:110:110:110:100:120:metalpipe
tile:110:110:110:115:120:120:metal3
tile:115:115:115:115:120:120:concrete12
tile:115:115:125:125:120:150:gravel6
tile:125:125:125:125:150:150:deepsnow
tile:130:130:128:129:150:150:generic
tile:130:130:138:140:150:150:dirt2
tile:134:134:144:144:150:150:glass
tile:144:144:144:144:150:150:hook
tile:145:145:150:150:150:150:cement
tile:155:155:150:150:150:200:ladder
noitems:0:300:0:300:0:5555:health_dart:sound_grenade:fire_starter:stone:elecboat:bazooka:guided_missile:suicide_bomb:nuclear_bomb:motion_bomb:timebomb:ultrabomb:stp429:pipe_bomb:mlk_203_combat_pistol:aircraft:tank:police_car:police_car_super:Truck:armored_tank:wood:mine:rocketlauncher:helicopter:cannon:stun_dart:stun_grenade:concussive_grenade:remotegun:remote_gun:remote_gun_controller:mass_bomb:ultimate_griffin:hand_cannon:ultimate_bomb:grenade:hand_grenade:sound_grenade:stun_grenade//rawdata mapname:newbie
maxx:170
maxy:160
maxz:200
tile:0:0:0:0:0:0:carpet
tile:0:0:0:10:0:0:concrete10
tile:0:170:11:150:0:0:fi
tile:5:5:10:10:0:0:dirt7
tile:1:150:0:150:0:0:fi
tile:5:5:10:10:0:0:bridge
tile:5:5:15:15:0:0:bridge2
tile:9:9:19:19:0:0:concrete8
tile:11:11:21:21:0:10:concrete2
tile:11:11:26:26:10:10:concrete3
tile:15:15:26:26:10:10:cave
src:0:150:0:150:10:220:fire3.ogg
tile:21:21:26:26:10:10:pavement
tile:26:26:26:26:10:20:dirt5
tile:26:26:27:33:20:20:suicide
tile:26:26:34:34:20:20:generic
tile:34:34:34:34:20:20:concrete14
tile:34:34:44:44:20:20:concrete10
tile:38:38:48:48:20:20:dirt2
tile:45:45:48:48:20:20:carpet
tile:50:50:48:48:20:30:concrete
tile:50:50:55:55:30:30:concrete6
tile:55:55:55:55:30:30:concrete4
travelpoint:55:55:55:55:30:30:newbie:100:100:100:whel done, you have almost complete it 
tile:100:100:100:100:100:100:snow_wet
tile:104:104:104:104:100:100:cave
tile:104:104:110:110:100:100:gravel2
tile:110:110:110:110:100:120:metalpipe
tile:110:110:110:115:120:120:metal3
tile:115:115:115:115:120:120:concrete12
tile:115:115:125:125:120:150:gravel6
tile:125:125:125:125:150:150:deepsnow
tile:130:130:128:129:150:150:generic
tile:130:130:138:140:150:150:dirt2
tile:134:134:144:144:150:150:glass
tile:144:144:144:144:150:150:hook
tile:145:145:150:150:150:150:cement
tile:155:155:150:150:150:200:ladder
src:0:200:0:200:20:220:amb11.ogg
noitems:0:300:0:300:0:5555:health_dart:sound_grenade:fire_starter:stone:elecboat:bazooka:guided_missile:suicide_bomb:nuclear_bomb:motion_bomb:timebomb:ultrabomb:stp429:pipe_bomb:mlk_203_combat_pistol:aircraft:tank:police_car:police_car_super:Truck:armored_tank:wood:mine:rocketlauncher:helicopter:cannon:stun_dart:stun_grenade:concussive_grenade:remotegun:remote_gun:remote_gun_controller:mass_bomb:ultimate_griffin:hand_cannon:ultimate_bomb:grenade:hand_grenade:sound_grenade:stun_grenade
tile:0:10:0:0:0:0:concrete6
tile:0:0:0:10:0:0:bridge
tile:34:34:44:44:20:20:broken_glass
zone:55:55:55:55:30:30:press shift plus enter to continue
zone:155:155:150:150:200:210:press shift plus enter to claim your reward@trackme@
noitems:0:3000:0:3000:0:5555:health_dart:sound_grenade:fire_starter:stone:elecboat:bazooka:guided_missile:suicide_bomb:nuclear_bomb:motion_bomb:timebomb:ultrabomb:stp429:pipe_bomb:mlk_203_combat_pistol:aircraft:tank:police_car:police_car_super:Truck:armored_tank:wood:mine:rocketlauncher:helicopter:cannon:stun_dart:stun_grenade:concussive_grenade:remotegun:remote_gun:remote_gun_controller:mass_bomb:ultimate_griffin:hand_cannon:ultimate_bomb:grenade:hand_grenade:sound_grenade:stun_grenade:spaceship:sorento:ford:dogan_slx:fight_inviter
fightingstate:0
tile:9:9:19:19:0:0:dirt6
tile:1:10:0:0:0:0:fi
noitems:0:3000:0:3000:0:5555:health_dart:sound_grenade:fire_starter:stone:elecboat:bazooka:guided_missile:suicide_bomb:nuclear_bomb:motion_bomb:timebomb:ultrabomb:stp429:pipe_bomb:mlk_203_combat_pistol:aircraft:tank:police_car:police_car_super:Truck:armored_tank:wood:mine:rocketlauncher:helicopter:cannon:stun_dart:stun_grenade:concussive_grenade:remotegun:remote_gun:remote_gun_controller:mass_bomb:ultimate_griffin:hand_cannon:ultimate_bomb:grenade:hand_grenade:sound_grenade:stun_grenade:spaceship:sorento:ford:dogan_slx:fight_inviter:mine:sat_bomb:explosion:censor_bomb
noitems:0:3000:0:3000:0:15000:ultimate_bomb:poison_dart:mine:cosmic_bomb
noitems:0:55555:0:55555:0:55555:warp_box
