mapname:weapons_factory
maxx:100
maxy:100
maxz:100
tile:0:100:0:100:0:0:concrete6
zone:0:150:0:100:0:10:weapons_factory
fightingstate:0
ispawn:0:100:0:100:0:0:1000:8:nuclear_bomb:suicide_bomb:Storm_Sniper_ammo_pack:Storm_Sniper:wirebomb:stun_dart:health_dart:sound_grenade:ball_gangster:frequency_scrambler:empty_apple_juice:concussive_grenade
src:0:100:0:100:-15:-9:md19.ogg
src:0:100:0:100:-20:-10:table.ogg
tile:10:10:10:10:0:0:suicide
tile:50:50:10:10:0:0:suicide
tile:90:90:10:10:0:0:suicide
tile:10:10:50:50:0:0:suicide
tile:10:10:90:90:0:0:suicide
tile:90:90:50:50:0:0:suicide
tile:90:90:90:90:0:0:suicide
tile:50:50:90:90:0:0:suicide

tile:50:50:50:50:0:0:suicide
tile:25:25:25:25:50:0:0:suicide
tile:75:75:75:75:0:0:suicide
tile:25:25:75:75:0:0:suicide
tile:75:75:25:25:0:0:suicide
src:0:100:0:100:15:15:alarm5.ogg
noitems:0:150:0:150:0:100:wirebomb:nuclear_bomb:mine:stun_dart:security_bomb:timebomb:warp_box:barricade_bomb:health_dart:mass_bomb:grenade:concussive_grenade:bottle_bomb:missile_interceptor:impact_bomb:aircraft:bomb_defuser:guided_missile:tank:police_car:ultrabomb:carrier_missile:bullet_bomb:stone:stun_grenade:sticky_bomb:censor_bomb:stone:fire_starter:empty_apple_juice:fight_inviter:hors:boat:tasing_small_projectile:small_projectile:elecboat:helicopter:fire_extinguisher:wood:sound_grenade:police_motorcycle:police_car_super:arena_card:motion_bomb