mapname:fightting_event
maxx:500
maxy:500
maxz:500
tile:0:500:0:500:0:0:wood
tile:0:500:0:500:0:0:concrete
zone:0:500:0:500:0:10:fightting area
src:0:500:0:500:0:40:birds14.ogg
tile:0:500:0:500:20:20:concrete
zone:0:500:0:500:20:30:observation plat form
tile:100:200:100:200:-10:0:water
zone:100:200:100:200:-50:10:river
tile:100:200:100:200:-50:-11:underwater
tile:99:99:99:201:-10:-1:wallwater
fightingstate:1
noitems:0:500:0:500:-50:500:rpg7:ak9automatic_machinegun:ak47assault_rifle:ar15machinegun:b96machinegun:barett_m1500sniper_rifle:blz5machinegun:browning_m2heavy_machinegun:crt15shotgun:erf115machinegun:fn2000pistol:fnm_pistol:g36pistol:gouse_pistol:hk_machinegun:lr12pistol:m9pistol:m10machinegun:m16machinegun:m28mini_machinegun:m90machinegun:m125assault_rifle:m152minigun:m155minigun:m560sniper_rifle:mb93machinegun:mg4machinegun:mhd82laser_machinegun:missile_launcher:mj420machinegun:mk_long_machinegun:mk52assault_rifle:mk215machinegun:mkv43machinegun:ml7rifle:ml15rifle:mlk290rifle:mlr_assault_rifle:mp5machinegun:mp12machinegun:msb530shotgun:pcs_handgun:pst500shotgun:qt_machinegun:rpg_launcher:ruga22revolver:s55assault_rifle:s110assault_rifle:sfx12machinegun:sp3heavy_machinegun:sp5shotgun:sp150shotgun:stp15rifle:stp420long_barreled_rifle:str301machinegun:tac50rifle:tsp_grenade_launcher:ump45machinegun:uzi_machinegun:grenade